MAP
 NAME taustakartta
 STATUS ON
MAXSIZE 5000
#Huom! Lokitiedoston tallennushakemisto on oltava olemassa
CONFIG "MS_ERRORFILE" "/tmp/taustakartta.log"
EXTENT 19970 6597278 749676 7785300
 SIZE 600 600
 SHAPEPATH "/srv/mapserver/data"
 IMAGECOLOR 255 255 255
 UNITS METERS
# DEBUG 5
  OUTPUTFORMAT
    NAME "png8"
    DRIVER AGG/PNG8
    MIMETYPE "image/png; mode=8bit"
    IMAGEMODE RGB
    EXTENSION "png"
    FORMATOPTION "QUANTIZE_FORCE=on"
    FORMATOPTION "QUANTIZE_DITHER=off"
    FORMATOPTION "QUANTIZE_COLORS=256"
  END
 WEB
 METADATA
 "wms_enable_request" "*"
 "ems_accesscontraints" "none"
 "wms_srs" "EPSG:3067 EPSG:2393 EPSG:4326"
 "wms_onlineresource" "http://192.168.99.100/index.html"
 "wms_bbox_extended" "true"
 END
 END
 PROJECTION
 "init=epsg:3067"
 END
 LAYER
 NAME "taustakartta_1"
 GROUP "taustakartta"
 STATUS ON
 PROCESSING "RESAMPLE=NEAREST"
 PROCESSING "CLOSE_CONNECTION=DEFER"
 PROCESSING "OVERSAMPLE_RATIO=1.0"
 #TILEINDEX "e:\tindex\t8000"
 # tai käytä suoraa viittausta kuvaan kuten seuraavalla rivillä
 DATA "gt8000.tiff"
 #DATA "e:\t8000\8000000.tif"
 TYPE RASTER
 #DEBUG 5
 UNITS METERS
 SIZEUNITS PIXELS
 MINSCALEDENOM 3000000
 METADATA
 "wms_title" "taustakartta_1"
 "wms_srs" "EPSG:3067 EPSG:2393 EPSG:4326"
 END
 PROJECTION
 "init=epsg:3067"
 END
 END
 LAYER
 NAME "taustakartta_2"
 GROUP "taustakartta"
 STATUS ON
 PROCESSING "RESAMPLE=NEAREST"
 PROCESSING "CLOSE_CONNECTION=DEFER"
 PROCESSING "OVERSAMPLE_RATIO=1.0"
 #TILEINDEX "e:\tindex\t4000"
 DATA "gt4000.tiff"
 TYPE RASTER
 #DEBUG 5
 UNITS METERS
 SIZEUNITS PIXELS
 MINSCALEDENOM 1400000
 MAXSCALEDENOM 3000000
 METADATA
 "wms_title" "taustakartta_2"
 "wms_srs" "EPSG:3067 EPSG:2393 EPSG:4326"
 END
 PROJECTION
 "init=epsg:3067"
 END
 END
 LAYER
 NAME "taustakartta_3"
 GROUP "taustakartta"
 STATUS ON
 PROCESSING "RESAMPLE=NEAREST"
 PROCESSING "CLOSE_CONNECTION=DEFER"
 PROCESSING "OVERSAMPLE_RATIO=1.0"
 #TILEINDEX "e:\tindex\t2000"
 DATA "gt2000.tiff"
 TYPE RASTER
 #DEBUG 5
 UNITS METERS
 SIZEUNITS PIXELS
 MINSCALEDENOM 530000
 MAXSCALEDENOM 1400000
 METADATA
 "wms_title" "taustakartta_3"
 "wms_srs" "EPSG:3067 EPSG:2393 EPSG:4326"
 END
 PROJECTION
 "init=epsg:3067"
 END
 END
 LAYER
 NAME "taustakartta_4"
 GROUP "taustakartta"
 STATUS ON
 PROCESSING "RESAMPLE=NEAREST"
 PROCESSING "CLOSE_CONNECTION=DEFER"
 PROCESSING "OVERSAMPLE_RATIO=1.0"
 #TILEINDEX "e:\tindex\t800"
 DATA "gt800.tiff"
 TYPE RASTER
 #DEBUG 5
 UNITS METERS
 SIZEUNITS PIXELS
 MINSCALEDENOM 216000
 MAXSCALEDENOM 530000
 METADATA
 "wms_title" "taustakartta_4"
 "wms_srs" "EPSG:3067 EPSG:2393 EPSG:4326"
 END
 PROJECTION
 "init=epsg:3067"
 END
 END
 LAYER
 NAME "taustakartta_5"
 GROUP "taustakartta"
 STATUS ON
 PROCESSING "RESAMPLE=NEAREST"
 PROCESSING "CLOSE_CONNECTION=DEFER"
 PROCESSING "OVERSAMPLE_RATIO=1.0"
 #TILEINDEX "e:\tindex\t320"
 DATA "gt320.tiff"
 TYPE RASTER
 #DEBUG 5
 UNITS METERS
 SIZEUNITS PIXELS
 MINSCALEDENOM 80000
 MAXSCALEDENOM 216000
 METADATA
 "wms_title" "taustakartta_5"
 "wms_srs" "EPSG:3067 EPSG:2393 EPSG:4326"
 END
 PROJECTION
 "init=epsg:3067"
 END
 END
 LAYER
 NAME "taustakartta_6"
 GROUP "taustakartta"
 STATUS ON
 PROCESSING "RESAMPLE=NEAREST"
 PROCESSING "CLOSE_CONNECTION=DEFER"
 PROCESSING "OVERSAMPLE_RATIO=1.0"
 #TILEINDEX "e:\tindex\t160"
 DATA "gt160.tiff"
 TYPE RASTER
 #DEBUG 5
 UNITS METERS
 SIZEUNITS PIXELS
 MINSCALEDENOM 49600
 MAXSCALEDENOM 80000
 METADATA
 "wms_title" "taustakartta_6"
 "wms_srs" "EPSG:3067 EPSG:2393 EPSG:4326"
 END
 PROJECTION
 "init=epsg:3067"
 END
 END
 LAYER
 NAME "taustakartta_7"
 GROUP "taustakartta"
 STATUS ON
 PROCESSING "RESAMPLE=NEAREST"
 PROCESSING "CLOSE_CONNECTION=DEFER"
 PROCESSING "OVERSAMPLE_RATIO=1.0"
 #TILEINDEX "e:\tindex\t80"
 DATA "gt80.tiff"
 TYPE RASTER
 #DEBUG 5
 UNITS METERS
 SIZEUNITS PIXELS
 MINSCALEDENOM 28800
 MAXSCALEDENOM 49600
 METADATA
 "wms_title" "taustakartta_7"
 "wms_srs" "EPSG:3067 EPSG:2393 EPSG:4326"
 END
 PROJECTION
 "init=epsg:3067"
 END
 END
 LAYER
 NAME "taustakartta_8"
 GROUP "taustakartta"
 STATUS ON
 PROCESSING "RESAMPLE=NEAREST"
 PROCESSING "CLOSE_CONNECTION=DEFER"
 PROCESSING "OVERSAMPLE_RATIO=1.0"
 #TILEINDEX "e:\tindex\t40"
 DATA "gt40.tiff"
 TYPE RASTER
 #DEBUG 5
 UNITS METERS
 SIZEUNITS PIXELS
 MINSCALEDENOM 16800
 MAXSCALEDENOM 28800
 METADATA
 "wms_title" "taustakartta_8"
 "wms_srs" "EPSG:3067 EPSG:2393 EPSG:4326"
 END
 PROJECTION
 "init=epsg:3067"
 END
 END
 LAYER
 NAME "taustakartta_9"
 GROUP "taustakartta"
 STATUS ON
 PROCESSING "RESAMPLE=NEAREST"
 PROCESSING "CLOSE_CONNECTION=DEFER"
 PROCESSING "OVERSAMPLE_RATIO=1.0"
 #TILEINDEX "e:\tindex\t20"
 DATA "gt20.tiff"
 TYPE RASTER
 #DEBUG 5
 UNITS METERS
 SIZEUNITS PIXELS
 MINSCALEDENOM 10400
 MAXSCALEDENOM 16800
 METADATA
 "wms_title" "taustakartta_9"
 "wms_srs" "EPSG:3067 EPSG:2393 EPSG:4326"
 END
 PROJECTION
 "init=epsg:3067"
 END
 END
 LAYER
 NAME "taustakartta_10"
 GROUP "taustakartta"
 STATUS ON
 PROCESSING "RESAMPLE=NEAREST"
 PROCESSING "CLOSE_CONNECTION=DEFER"
 PROCESSING "OVERSAMPLE_RATIO=1.0"
 #TILEINDEX "e:\tindex\t10"
 DATA "gt10.tiff"
 TYPE RASTER
 #DEBUG 5
 UNITS METERS
 SIZEUNITS PIXELS
 MINSCALEDENOM 3500
 MAXSCALEDENOM 10400
 METADATA
 "wms_title" "taustakartta_10"
 "wms_srs" "EPSG:3067 EPSG:2393 EPSG:4326"
 END
 PROJECTION
 "init=epsg:3067"
 END
 END
 LAYER
 NAME "taustakartta_11"
 GROUP "taustakartta"
 STATUS ON
 PROCESSING "RESAMPLE=NEAREST"
 PROCESSING "CLOSE_CONNECTION=DEFER"
 PROCESSING "OVERSAMPLE_RATIO=1.0"
 #TILEINDEX "e:\tindex\t5"
 DATA "gt5.tiff"
 TYPE RASTER
 #DEBUG 5
 UNITS METERS
 SIZEUNITS PIXELS
 MAXSCALEDENOM 3500
 METADATA
 "wms_title" "taustakartta_11"
 "wms_srs" "EPSG:3067 EPSG:2393 EPSG:4326"
 END
 PROJECTION
 "init=epsg:3067"
 END
 END


 END
